core_cm0plus.h:741:22:__NVIC_EnableIRQ	16	static
fsl_clock.h:431:20:CLOCK_EnableClock	24	static
fsl_clock.h:442:20:CLOCK_DisableClock	24	static
fsl_common.h:484:28:EnableIRQ	16	static
fsl_lpuart.c:108:10:LPUART_GetInstance	24	static
fsl_lpuart.c:132:8:LPUART_TransferGetRxRingBufferLength	24	static
fsl_lpuart.c:150:13:LPUART_TransferIsRxRingBufferFull	24	static
fsl_lpuart.c:167:13:LPUART_WriteNonBlocking	32	static
fsl_lpuart.c:181:13:LPUART_ReadNonBlocking	32	static
fsl_lpuart.c:235:10:LPUART_Init	64	static
fsl_lpuart.c:451:6:LPUART_Deinit	24	static
fsl_lpuart.c:515:6:LPUART_GetDefaultConfig	16	static
fsl_lpuart.c:560:10:LPUART_SetBaudRate	64	static
fsl_lpuart.c:658:6:LPUART_EnableInterrupts	16	static
fsl_lpuart.c:682:6:LPUART_DisableInterrupts	16	static
fsl_lpuart.c:713:10:LPUART_GetEnabledInterrupts	24	static
fsl_lpuart.c:742:10:LPUART_GetStatusFlags	24	static
fsl_lpuart.c:773:10:LPUART_ClearStatusFlags	24	static
fsl_lpuart.c:828:6:LPUART_WriteBlocking	32	static
fsl_lpuart.c:863:10:LPUART_ReadBlocking	32	static
fsl_lpuart.c:952:6:LPUART_TransferCreateHandle	32	static
fsl_lpuart.c:1017:6:LPUART_TransferStartRingBuffer	24	static
fsl_lpuart.c:1043:6:LPUART_TransferStopRingBuffer	16	static
fsl_lpuart.c:1077:10:LPUART_TransferSendNonBlocking	32	static
fsl_lpuart.c:1116:6:LPUART_TransferAbortSend	16	static
fsl_lpuart.c:1139:10:LPUART_TransferGetSendCount	24	static
fsl_lpuart.c:1180:10:LPUART_TransferReceiveNonBlocking	56	static
fsl_lpuart.c:1306:6:LPUART_TransferAbortReceive	16	static
fsl_lpuart.c:1334:10:LPUART_TransferGetReceiveCount	24	static
fsl_lpuart.c:1357:6:LPUART_TransferHandleIRQ	40	static
fsl_lpuart.c:1573:6:LPUART_TransferHandleErrorIRQ	16	static
fsl_lpuart.c:1679:6:LPUART0_DriverIRQHandler	8	static
fsl_lpuart.c:1714:6:LPUART1_DriverIRQHandler	8	static
