fsl_clock.h:453:20:CLOCK_SetEr32kClock	16	static
fsl_clock.h:700:20:OSC_SetExtRefClkConfig	24	static
fsl_clock.h:726:20:OSC_SetCapLoad	24	static
fsl_clock.c:75:17:CLOCK_GetLircClkFreq	16	static
fsl_clock.c:93:16:CLOCK_GetOscRangeFromFreq	24	static
fsl_clock.c:118:10:CLOCK_GetOsc0ErClkFreq	16	static
fsl_clock.c:141:10:CLOCK_GetEr32kClkFreq	16	static
fsl_clock.c:170:10:CLOCK_GetPlatClkFreq	8	static
fsl_clock.c:180:10:CLOCK_GetFlashClkFreq	16	static
fsl_clock.c:195:10:CLOCK_GetBusClkFreq	16	static
fsl_clock.c:210:10:CLOCK_GetCoreSysClkFreq	8	static
fsl_clock.c:225:10:CLOCK_GetFreq	24	static
fsl_clock.c:271:6:CLOCK_SetSimConfig	16	static
fsl_clock.c:285:10:CLOCK_GetInternalRefClkFreq	16	static
fsl_clock.c:301:10:CLOCK_GetPeriphClkFreq	16	static
fsl_clock.c:326:10:CLOCK_GetOutClkFreq	16	static
fsl_clock.c:358:16:CLOCK_GetMode	16	static
fsl_clock.c:397:10:CLOCK_SetMcgliteConfig	16	static
fsl_clock.c:446:6:CLOCK_InitOsc0	32	static
fsl_clock.c:469:6:CLOCK_DeinitOsc0	8	static
