core_cm0plus.h:741:22:__NVIC_EnableIRQ	16	static
core_cm0plus.h:832:22:__NVIC_ClearPendingIRQ	16	static
fsl_gpio.h:454:20:FGPIO_PinWrite	32	static
fsl_port.h:346:20:PORT_SetPinMux	24	static
fsl_lptmr.h:183:20:LPTMR_EnableInterrupts	24	static
fsl_lptmr.h:200:20:LPTMR_DisableInterrupts	24	static
fsl_lptmr.h:218:24:LPTMR_GetEnabledInterrupts	16	static
fsl_lptmr.h:270:20:LPTMR_ClearStatusFlags	16	static
fsl_lptmr.h:295:20:LPTMR_SetTimerPeriod	16	static
fsl_lptmr.h:339:20:LPTMR_StartTimer	24	static
fsl_lptmr.h:356:20:LPTMR_StopTimer	24	static
fsl_smc.h:255:20:SMC_SetPowerModeProtection	16	static
fsl_smc.h:274:33:SMC_GetPowerModeState	16	static
fsl_llwu.h:198:20:LLWU_EnableInternalModuleInterruptWakup	24	static
fsl_llwu.h:241:20:LLWU_GetInternalWakeupModuleFlag	16	static
fsl_rcm.h:250:24:RCM_GetPreviousResetSources	24	static
fsl_pmc.h:385:20:PMC_ClearPeriphIOIsolationFlag	16	static
Brasil.c:132:6:APP_PowerPostSwitchHook	32	static
Brasil.c:170:6:LLWU_IRQHandler	8	static
Brasil.c:189:6:LPTMR0_IRQHandler	8	static
Brasil.c:199:6:BOARD_SW3_IRQ_HANDLER	8	static
Brasil.c:212:16:APP_GetWakeupTimeout	16	static
Brasil.c:235:28:APP_GetWakeupSource	16	static
Brasil.c:271:6:APP_GetWakeupConfig	16	static
Brasil.c:298:6:APP_SetWakeupConfig	16	static
Brasil.c:333:6:APP_ShowPowerMode	16	static
Brasil.c:353:6:APP_CheckPowerMode	24	static
Brasil.c:407:6:APP_PowerModeSwitch	32	static
Brasil.c:497:5:main	48	static
